
U-Boot SPL 2021.10 (Feb 12 2023 - 18:15:33 +0800)
DDR version: dc2e84f0.
Trying to boot from SPI

OpenSBI v1.2
   ____                    _____ ____ _____
  / __ \                  / ____|  _ \_   _|
 | |  | |_ __   ___ _ __ | (___ | |_) || |
 | |  | | '_ \ / _ \ '_ \ \___ \|  _ < | |
 | |__| | |_) |  __/ | | |____) | |_) || |_
  \____/| .__/ \___|_| |_|_____/|____/_____|
        | |
        |_|

Platform Name             : StarFive VisionFive V2
Platform Features         : medeleg
Platform HART Count       : 5
Platform IPI Device       : aclint-mswi
Platform Timer Device     : aclint-mtimer @ 4000000Hz
Platform Console Device   : uart8250
Platform HSM Device       : jh7110-hsm
Platform PMU Device       : ---
Platform Reboot Device    : pm-reset
Platform Shutdown Device  : pm-reset
Firmware Base             : 0x40000000
Firmware Size             : 292 KB
Runtime SBI Version       : 1.0

Domain0 Name              : root
Domain0 Boot HART         : 1
Domain0 HARTs             : 0*,1*,2*,3*,4*
Domain0 Region00          : 0x0000000002000000-0x000000000200ffff (I)
Domain0 Region01          : 0x0000000040000000-0x000000004007ffff ()
Domain0 Region02          : 0x0000000000000000-0xffffffffffffffff (R,W,X)
Domain0 Next Address      : 0x0000000040200000
Domain0 Next Arg1         : 0x0000000042200000
Domain0 Next Mode         : S-mode
Domain0 SysReset          : yes

Boot HART ID              : 1
Boot HART Domain          : root
Boot HART Priv Version    : v1.11
Boot HART Base ISA        : rv64imafdcbx
Boot HART ISA Extensions  : none
Boot HART PMP Count       : 8
Boot HART PMP Granularity : 4096
Boot HART PMP Address Bits: 34
Boot HART MHPM Count      : 2
Boot HART MIDELEG         : 0x0000000000000222
Boot HART MEDELEG         : 0x000000000000b109


U-Boot 2021.10 (Feb 12 2023 - 18:15:33 +0800), Build: jenkins-VF2_515_Branch_SDK_Release-24

CPU:   rv64imacu
Model: StarFive VisionFive V2
DRAM:  8 GiB
MMC:   sdio0@16010000: 0, sdio1@16020000: 1
Loading Environment from SPIFlash... SF: Detected gd25lq128 with page size 256 Bytes, erase size 4 KiB, total 16 MiB
*** Warning - bad CRC, using default environment

StarFive EEPROM format v2

--------EEPROM INFO--------
Vendor : StarFive Technology Co., Ltd.
Product full SN: VF7110B1-2253-D008E000-00004584
data version: 0x2
PCB revision: 0xb2
BOM revision: A
Ethernet MAC0 address: 6c:cf:39:00:47:2c
Ethernet MAC1 address: 6c:cf:39:00:47:2d
--------EEPROM INFO--------

In:    serial@10000000
Out:   serial@10000000
Err:   serial@10000000
Model: StarFive VisionFive V2
Net:   eth0: ethernet@16030000, eth1: ethernet@16040000
switch to partitions #0, OK
mmc1 is current device
found device 1
bootmode flash device 1
** Invalid partition 3 **
Couldn't find partition mmc 1:3
Can't set block device
** Invalid partition 3 **
Couldn't find partition mmc 1:3
Can't set block device
Hit any key to stop autoboot:  2  0
StarFive # 
StarFive # 
StarFive # 
StarFive # 
StarFive # 
StarFive # 
StarFive # 
StarFive # 
StarFive # 
StarFive # 
StarFive # 
StarFive # 
StarFive # 
StarFive # 
StarFive # 
StarFive # 
StarFive # 
StarFive # 
StarFive # 
StarFive # 
StarFive # 
StarFive # 
StarFive # 
StarFive # 
StarFive # 
StarFive # 
StarFive # 
StarFive # 
StarFive # 
StarFive # 
StarFive # 
StarFive # 
StarFive # 
StarFive # 
StarFive # 
StarFive # 
StarFive # 
StarFive # 
StarFive # 
StarFive # 
StarFive # 
StarFive # 
StarFive # 
StarFive # 
StarFive # 
StarFive # 
StarFive # 
StarFive # 
StarFive # 
StarFive # 
StarFive # 
StarFive # 
StarFive # 
StarFive # 
StarFive # 
StarFive # 
StarFive # 
StarFive # 
StarFive # 
StarFive # 
StarFive # 
StarFive # 
StarFive # 
StarFive # 
StarFive # 
StarFive # 
StarFive # 
StarFive # 
StarFive # 
StarFive # 
StarFive # 
StarFive # 
StarFive # 
StarFive # 
StarFive # 
StarFive # 
StarFive # 
StarFive # 
StarFive # 
StarFive # 
StarFive # 
StarFive # 
StarFive # 
StarFive # 
StarFive # 
StarFive # 
StarFive # 
StarFive # 
StarFive # 
StarFive # 
StarFive # 
StarFive # 
StarFive # 
StarFive # 
StarFive # 
StarFive # 
StarFive # 
StarFive # 
StarFive # 
StarFive # 
StarFive # 
StarFive # 
StarFive # 
StarFive # 
StarFive # 
StarFive # 
StarFive # 
StarFive # 
StarFive # 
StarFive # 
StarFive # 
StarFive # 
StarFive # 
StarFive # 
StarFive # 
StarFive # 
StarFive # 
StarFive # 
StarFive # 
StarFive # 
StarFive # 
StarFive # 
StarFive # 
StarFive # 
StarFive # 
StarFive # 
StarFive # 
StarFive # 
StarFive # 
StarFive # 
StarFive # 
StarFive # 
StarFive # 
StarFive # 
StarFive # 
StarFive # 
StarFive # 
StarFive # 
StarFive # 
StarFive # 
StarFive # 
StarFive # 
StarFive # 
StarFive # 
StarFive # 
StarFive # 
StarFive # 
StarFive # 
StarFive # 
StarFive # 
StarFive # 
StarFive # 
StarFive # 
StarFive # 
StarFive # 
StarFive # 
StarFive # 
StarFive # 
StarFive # 
StarFive # 
StarFive # 
StarFive # 
StarFive # 
StarFive # 
StarFive # 
StarFive # 
StarFive # 
StarFive # 
StarFive # 
StarFive # 
StarFive # 
StarFive # 
StarFive # 
StarFive # 
StarFive # 
StarFive # 
StarFive # 
StarFive # 
StarFive # 
StarFive # 
StarFive # 
StarFive # 
StarFive # 
StarFive # 
StarFive # 
StarFive # 
StarFive # 
StarFive # version
U-Boot 2021.10 (Feb 12 2023 - 18:15:33 +0800), Build: jenkins-VF2_515_Branch_SDK_Release-24

riscv64-buildroot-linux-gnu-gcc.br_real (Buildroot VF2_515_v2.10.0) 10.3.0
GNU ld (GNU Binutils) 2.36.1
StarFive # help dhcp
dhcp - boot image via network using DHCP/TFTP protocol

Usage:
dhcp [loadAddress] [[hostIPaddr:]bootfilename]
StarFive # help tftpboot
tftpboot - boot image via network using TFTP protocol

Usage:
tftpboot [loadAddress] [[hostIPaddr:]bootfilename]
StarFive # printenv ethact ethaddr ipaddr serverip
## Error: "ethact" not defined
ethaddr=6c:cf:39:00:47:2c
ipaddr=192.168.120.230
## Error: "serverip" not defined
StarFive # setenv autoload no
StarFive # dhcp
ethernet@16030000 Waiting for PHY auto negotiation to complete...... done
BOOTP broadcast 1
BOOTP broadcast 2
BOOTP broadcast 3
BOOTP broadcast 4
DHCP client bound to address 192.168.8.200 (3378 ms)
StarFive # printenv ipaddr serverip gatewayip netmask
ipaddr=192.168.8.200
serverip=192.168.8.1
gatewayip=192.168.8.1
netmask=255.255.255.0
StarFive # 