--- /dev/cu.usbserial-A28FR8LZ at 115200 baud, logging to target/board-console-1789665137.log, up to 900s ---

nife on x86_64 (long mode, ring 0, 4-level paging)
  cpu 0 booted: high-half kernel, .bss, and the 16550 console are up.
  running at  : 0xffffffff8205ea70  (high half: the long-mode jump landed)
  boot info   : 0x00000000b9fbb000  (PVH hvm_start_info, not a device tree)
  screen      : 1920x1080 bgrx at 0xd0000000, 274x135 cells (boot cmdline)
  cpu         : x86_64, vendor GenuineIntel, cpuid leaves 0..0x16
  traps       : idt installed; a breakpoint was caught and stepped over (1)
  memory      : 38 regions from the PVH handoff, rsdp 0xcae09000
                0x000000000000..0x000000008000  ram
                0x000000008000..0x000000009000  reserved
                0x000000009000..0x000000058000  ram
                0x000000058000..0x000000059000  reserved
                0x000000059000..0x00000009e000  ram
                0x00000009e000..0x0000000a0000  reserved
                0x000000100000..0x000002000000  ram
                0x000002000000..0x00000218b000  reserved
                0x00000218b000..0x0000acfc0000  ram
                0x0000acfc0000..0x0000ad000000  ram
                0x0000ad000000..0x0000b7d08000  ram
                0x0000b7d08000..0x0000b8187000  reserved
                0x0000b8187000..0x0000b9efd000  ram
                0x0000b9efd000..0x0000b9efe000  acpi-nvs
                0x0000b9efe000..0x0000b9eff000  reserved
                0x0000b9eff000..0x0000b9fb0000  ram
                0x0000b9fb0000..0x0000b9fba000  ram
                0x0000b9fba000..0x0000b9fbb000  ram
                0x0000b9fbb000..0x0000b9fbf000  reserved
                0x0000b9fbf000..0x0000c8940000  ram
                0x0000c8940000..0x0000c8d3e000  ram
                0x0000c8d3e000..0x0000c97c4000  ram
                0x0000c97c4000..0x0000cadfb000  reserved
                0x0000cadfb000..0x0000cae41000  acpi
                0x0000cae41000..0x0000cb775000  acpi-nvs
                0x0000cb775000..0x0000cbd18000  reserved
                0x0000cbd18000..0x0000cbdff000  reserved
                0x0000cbdff000..0x0000cbe00000  ram
                0x000100000000..0x000140000000  ram
                0x000140000000..0x0001409a8000  ram
                0x0001409a8000..0x00042e000000  ram
                0x0000000a0000..0x000000100000  reserved
                0x0000cbe00000..0x0000d0000000  reserved
                0x0000f0000000..0x0000f8000000  reserved
                0x0000fe000000..0x0000fe011000  reserved
                0x0000fec00000..0x0000fec01000  reserved
                0x0000fee00000..0x0000fee01000  reserved
                0x0000ff000000..0x000100000000  reserved
                usable ram: 16631108 KiB
  acpi        : rsdp at 0xcae09000 (revision 2), root table 0xcae090b8 (xsdt)
                0x00cae34210  FACP (268 bytes)
                0x00cae34320  APIC (132 bytes)
                0x00cae343a8  FPDT (68 bytes)
                0x00cae343f0  FIDT (172 bytes)
                0x00cae344a0  MCFG (60 bytes)
                0x00cae344e0  HPET (56 bytes)
                0x00cae34518  SSDT (12662 bytes)
                0x00cae37690  SSDT (9637 bytes)
                0x00cae39c38  HPET (56 bytes)
                0x00cae39c70  SSDT (3557 bytes)
                0x00cae3aa58  SSDT (2996 bytes)
                0x00cae3b610  UEFI (66 bytes)
                0x00cae3b658  SSDT (3806 bytes)
                0x00cae3c538  LPIT (148 bytes)
                0x00cae3c5d0  SSDT (321 bytes)
                0x00cae3c718  SSDT (671 bytes)
                0x00cae3c9b8  SSDT (12290 bytes)
                0x00cae3f9c0  SSDT (1293 bytes)
                0x00cae3fed0  DBGP (52 bytes)
                0x00cae3ff08  DBG2 (84 bytes)
                0x00cae3ff60  MSDM (85 bytes)
                0x00cae3ffb8  SLIC (374 bytes)
                0x00cae40130  TPM2 (52 bytes)
                0x00cae40168  ASF! (160 bytes)
                0x00cae40208  BGRT (56 bytes)
                0x00cae40240  DMAR (204 bytes)
                local apic 0xfee00000, 4 cpu(s) enabled, 0 disabled, 8259s present (must be masked)
                io apic 2 at 0xfec00000, gsi base 0
                isa irq 0 -> gsi 2 (active high, edge)
                isa irq 9 -> gsi 9 (active high, level)
                pcie ecam 0xf0000000, buses 0..=127 (mmu::PCI_ECAM_PHYS says 0xb0000000)
                vt-d drhd at 0xfed90000
  smp: 4 core(s) in the madt
  pci         : ecam at 0xf0000000 (buses 0..=127), decode was already on
                bar window 0xd0800000..0xd0a00000, from the firmware map and TOLUD, agreeing
                15 function(s) on the bus, 0 with a BAR this kernel can neither use nor adopt
  apic        : local apic 0xfee00000 up, id 0, version 0x15, 8259s masked
  clocks      : tsc 2714 MHz (PIT calibration), apic timer 1 MHz (measured against the PIT)
  timer       : 20 ticks in ~0.2s at 100 Hz (0 spurious)
  io apic     : id 2 at 0xfec00000 up, version 0x20, 120 redirection entries, gsi base 0
  device irq  : pit irq 0 -> gsi 2 on vector 0x32: 21 interrupts in ~0.2s at 100 Hz
  frames      : allocator up over 15 ram region(s) (first frame 0x186000)
  memory          : 17119 MiB total, 16240 MiB free (899912 KiB in use)
  mmu             : fine W^X 4-level map installed (cr3 0x187000), image 0xffffffff80000000, direct map 0xffff888000000000
                  : 32824 KiB of page tables, no identity map, guard pages are holes
  image       : text 0xffffffff8200a000..0xffffffff82088000, stack 0xffffffff820cb000..0xffffffff820db000
  entropy     : rdseed supported (cpuid leaf 7 ebx.18), drew 0xe90fc5a9e68a0835
  cycles      : IA32_PERF_FIXED_CTR1 (unhalted core cycles), 48 bits, perfmon v4
  vt-d        : drhd 0xfed90000 up, translation enabled (gsts.tes confirmed)
  scheduler   : up on 1 cpu, preempting at 100 Hz (idle thread registered)
  smp: init-sipi-sipi via the local apic, trampoline at 0x8000
  smp: 4 core(s) online

nife
  cpu         : x86_64, vendor GenuineIntel, cpuid leaves 0..0x16
  stack top       : 0xffffffff820db000
  firmware handoff: 0x00000000b9fbb000  (PVH hvm_start_info)
  processors      : 4 online of 4 described, boot cpu hwid 0x0
  memory          : 17119 MiB total, 16200 MiB free (940944 KiB in use)
  console         : 16550 at i/o port 0x03f8, interrupt line 4
                  : and a screen, 8294400 bytes of framebuffer at 0xffff8880d0000000
  interrupts      : local apic 0x00000000fee00000 (id 0), io apic 0x00000000fec00000 (120 entries)
  timer           : 100 Hz tick, counter at 2714 MHz, interrupts ON
  initrd          : 4712960 bytes at 0x00000000b7d08000, a nifefs archive of 86 program(s)
  pcie            : ecam 0x00000000f0000000..0xf8000000, bar window 0xd0800000..0xd0a00000
  iommu           : VT-d drhd at 0x00000000fed90000, root table default-deny, translating
  mmu             : fine W^X 4-level map installed (cr3 0x187000), image 0xffffffff80000000, direct map 0xffff888000000000
                  : 32824 KiB of page tables, no identity map, guard pages are holes
  scheduler       : 5 thread(s), round robin, preemptive
nife machine: x86_64, 4 processor(s), 17119 MiB, 100 Hz
  self-test       : exceptions ok      a breakpoint was caught and stepped over (1)
  self-test       : mapping    ok      0xffff88846e000000 -> 0x2b24000, read back 0xc0ffee, unmapped
  self-test       : frames     ok      one frame out and back at 0x2b24000; used 235238 -> Some(235239) -> Some(235238)
  self-test       : timer      ok      the 2714MHz counter advanced 54281493 and 8 tick(s) arrived in ~20ms
  self-test       : scheduler  ok      thread 5 ran and carried its captured state (0x268026802680268)
nife self-test: 5 of 5 passed
  kernel task : a spawned thread ran and carried its captured state (0x16100004)

  user thread 12884901893 killed: vector 14 (page fault)
    rip 0x0000000000400005   addr 0x0000000000a50000   user rsp 0x0000000000501000   err 0x00000004
  the kernel is fine.
  capability slots: 2 of 24 at peak

  user thread 21474836485 killed: vector 14 (page fault)
    rip 0x0000000000400005   addr 0x0000000000a50000   user rsp 0x0000000000501000   err 0x00000004
  the kernel is fine.
  userspace   : a process built from untyped ran at cpl 3 and sent 0x1610004 on a granted cap
                thread 12884901893 died at pc 0x400005 on addr 0xa50000, delivered to its supervisor
                two children cost 0 frames the first round and 0 the second (steady state)
  initrd      : 4712960 bytes at 0xb7d08000, 86 programs, from the PVH module list

nife: handing the system to the userspace progenitor.
  uart irq  : 4 (machine description)

  MEASURED BOOT REFUSED: no measurement for the archive entry 'progenitor'

board-console: failed: the measured-boot gate refused the archive and halted, which is the gate working rather than a crash: the kernel and the archive on the card are from different builds. Rebuild both with script/board-image, which orders those steps (8826 bytes in 98.1s)
board-console: banner: nife on x86_64 (long mode, ring 0, 4-level paging)
board-console: machine: nife machine: x86_64, 4 processor(s), 17119 MiB, 100 Hz
board-console: self-test: nife self-test: 5 of 5 passed
board-console: log at target/board-console-1789665137.log
